// Jest Snapshot v1, https://goo.gl/fbAQLP

exports[`amplify-card Render logic should render 1`] = `
<amplify-card class="css-1bcvumb">
  <!---->
  <a>
    <div class="css-fgu2xk">
      <div class="css-evggqd"></div>
      <div class="css-16zu5pg">
      </div>
    </div>
  </a>
</amplify-card>
`;
