// Jest Snapshot v1, https://goo.gl/fbAQLP

exports[`docs-choose-integration-anchor Render logic should render 1`] = `
<docs-choose-integration-anchor class="css-19gh8xg">
  <h2>
    Choose a platform or framework
  </h2>
  <h3>
    Web
  </h3>
  <amplify-responsive-grid class="border-radius margin-top-md" columns="5" gridgap="1">
    <docs-card>
      <img alt="JavaScript Logo" slot="graphic" src="/assets/integrations/js.svg">
      <h4 slot="heading">
        JavaScript
      </h4>
    </docs-card>
    <docs-card>
      <img alt="React Logo" slot="graphic" src="/assets/integrations/react.svg">
      <h4 slot="heading">
        React
      </h4>
    </docs-card>
    <docs-card>
      <img alt="Angular Logo" slot="graphic" src="/assets/integrations/angular.svg">
      <h4 slot="heading">
        Angular
      </h4>
    </docs-card>
    <docs-card>
      <img alt="Vue Logo" slot="graphic" src="/assets/integrations/vue.svg">
      <h4 slot="heading">
        Vue
      </h4>
    </docs-card>
    <docs-card>
      <img alt="Next.js Logo" slot="graphic" src="/assets/integrations/next.svg">
      <h4 slot="heading">
        Next.js
      </h4>
    </docs-card>
  </amplify-responsive-grid>
  <h3>
    Mobile
  </h3>
  <amplify-responsive-grid class="border-radius margin-top-md" columns="5" gridgap="1">
    <docs-card>
      <img alt="Android Logo" slot="graphic" src="/assets/integrations/android.svg">
      <h4 slot="heading">
        Android
      </h4>
    </docs-card>
    <docs-card>
      <img alt="iOS Logo" slot="graphic" src="/assets/integrations/ios.svg">
      <h4 slot="heading">
        iOS
      </h4>
    </docs-card>
    <docs-card>
      <img alt="React Native Logo" slot="graphic" src="/assets/integrations/react-native.svg">
      <h4 slot="heading">
        React Native
      </h4>
    </docs-card>
    <docs-card>
      <img alt="Ionic Logo" slot="graphic" src="/assets/integrations/ionic.svg">
      <h4 slot="heading">
        Ionic
      </h4>
    </docs-card>
    <docs-card>
      <img alt="Flutter (Preview) Logo" slot="graphic" src="/assets/integrations/flutter.svg">
      <h4 slot="heading">
        Flutter (Preview)
      </h4>
    </docs-card>
  </amplify-responsive-grid>
</docs-choose-integration-anchor>
`;
