// Jest Snapshot v1, https://goo.gl/fbAQLP

exports[`amplify-callout Render logic should render 1`] = `
<amplify-callout class="css-1tzv0le css-wt2bt2">
  <!---->
  <div></div>
</amplify-callout>
`;
